// Jest Snapshot v1, https://goo.gl/fbAQLP

exports[`SnapVisible snapshot 1`] = `
<div
  class="css-view-175oi2r border-style-[solid] border-width-[0px] align-items-[stretch] background-color-[rgba(0,-0,-0,-0)] display-[flex] flex-basis-[auto] flex-direction-[column] flex-shrink-[0] list-style-[none] margin-[0px] min-height-[0px] min-width-[0px] padding-[0px] position-[relative] text-decoration-[none] z-index-[0] align-self-[stretch] box-sizing-[border-box]"
  data-testid="test"
/>
`;
