// Jest Snapshot v1, https://goo.gl/fbAQLP

exports[`Button applies the correct styles for lg size 1`] = `
<button
  aria-labelledby=":r6:"
  class="css-view-175oi2r r-cursor-1loqt21 r-touchAction-1otgn73 disabled:opacity-[0.5] box-sizing-[border-box] focus-visible:outline-width-[2px] focus-visible:outline-offset-[2px] focus-visible:outline-style-[solid] focus-visible:outline-color-[var(--components--action-primary-focus-border)] display-[flex] border-radius-[7px] border-width-[2px] border-style-[solid] border-color-[var(--components--action-primary-default-background)] flex-direction-[row] align-items-[center] justify-content-[center] background-color-[var(--components--action-primary-default-background)] gap-[8px] height-[52px] padding-horizontal-[var(--space-lg)] hover:background-color-[var(--components--action-primary-hover-background)] hover:border-color-[var(--components--action-primary-hover-background)] active:background-color-[var(--components--action-primary-active-background)] active:border-color-[var(--components--action-primary-active-background)]"
  role="button"
  tabindex="0"
  type="button"
>
  Large Button
</button>
`;

exports[`Button applies the correct styles for primary variant 1`] = `
<button
  aria-labelledby=":r4:"
  class="css-view-175oi2r r-cursor-1loqt21 r-touchAction-1otgn73 disabled:opacity-[0.5] box-sizing-[border-box] focus-visible:outline-width-[2px] focus-visible:outline-offset-[2px] focus-visible:outline-style-[solid] focus-visible:outline-color-[var(--components--action-primary-focus-border)] display-[flex] border-radius-[7px] border-width-[2px] border-style-[solid] border-color-[var(--components--action-primary-default-background)] flex-direction-[row] align-items-[center] justify-content-[center] background-color-[var(--components--action-primary-default-background)] gap-[8px] height-[44px] padding-horizontal-[var(--space-md)] hover:background-color-[var(--components--action-primary-hover-background)] hover:border-color-[var(--components--action-primary-hover-background)] active:background-color-[var(--components--action-primary-active-background)] active:border-color-[var(--components--action-primary-active-background)]"
  role="button"
  tabindex="0"
  type="button"
>
  Primary
</button>
`;

exports[`Button applies the correct styles for secondary variant 1`] = `
<button
  aria-labelledby=":r5:"
  class="css-view-175oi2r r-cursor-1loqt21 r-touchAction-1otgn73 disabled:opacity-[0.5] box-sizing-[border-box] focus-visible:outline-width-[2px] focus-visible:outline-offset-[2px] focus-visible:outline-style-[solid] focus-visible:outline-color-[var(--components--action-secondary-focus-border)] display-[flex] border-radius-[7px] border-width-[2px] border-style-[solid] border-color-[var(--components--action-secondary-default-border)] flex-direction-[row] align-items-[center] justify-content-[center] background-color-[var(--components--action-secondary-default-background)] gap-[8px] height-[44px] padding-horizontal-[var(--space-md)] hover:border-color-[var(--components--action-secondary-hover-border)] hover:background-color-[var(--components--action-secondary-hover-background)] active:border-color-[var(--components--action-secondary-active-border)] active:background-color-[var(--components--action-secondary-active-background)]"
  role="button"
  tabindex="0"
  type="button"
>
  Secondary
</button>
`;

exports[`Button applies the correct styles for sm size 1`] = `
<button
  aria-labelledby=":r7:"
  class="css-view-175oi2r r-cursor-1loqt21 r-touchAction-1otgn73 disabled:opacity-[0.5] box-sizing-[border-box] focus-visible:outline-width-[2px] focus-visible:outline-offset-[2px] focus-visible:outline-style-[solid] focus-visible:outline-color-[var(--components--action-primary-focus-border)] display-[flex] border-radius-[7px] border-width-[2px] border-style-[solid] border-color-[var(--components--action-primary-default-background)] flex-direction-[row] align-items-[center] justify-content-[center] background-color-[var(--components--action-primary-default-background)] gap-[8px] height-[32px] padding-horizontal-[var(--space-xs)] hover:background-color-[var(--components--action-primary-hover-background)] hover:border-color-[var(--components--action-primary-hover-background)] active:background-color-[var(--components--action-primary-active-background)] active:border-color-[var(--components--action-primary-active-background)]"
  role="button"
  tabindex="0"
  type="button"
>
  Small Button
</button>
`;
